// Jest Snapshot v1, https://goo.gl/fbAQLP

exports[`AppComponent should render component 1`] = `
<app-root
  title={[Function String]}
>
  <div
    class="app-container"
  >
    <router-outlet />
  </div>
</app-root>
`;
